// Jest Snapshot v1, https://goo.gl/fbAQLP

exports[`<CardContent/> should render a Card Details correctly 1`] = `
<div
  class="sc-9a5cd56e-0 dyiFSj"
  data-testid="stackbox"
  direction="column"
  id="details"
>
  <dl
    class="sc-d8bb1df0-0 aiuZt"
  >
    <dt
      class="sc-d8bb1df0-1 gYOona"
    >
      Descrição: 
    </dt>
    <dd
      class="sc-6c8a52e-0 gpITMB"
    >
      a beutiful test
    </dd>
  </dl>
  <dl
    class="sc-d8bb1df0-0 aiuZt"
  >
    <dt
      class="sc-d8bb1df0-1 gYOona"
    >
      Framework: 
    </dt>
    <dd
      class="sc-6c8a52e-0 gpITMB"
    >
      next
    </dd>
  </dl>
  <dl
    class="sc-d8bb1df0-0 aiuZt"
  >
    <dt
      class="sc-d8bb1df0-1 gYOona"
    >
      Linguagens e Ferramentas: 
    </dt>
    <dd
      class="sc-6c8a52e-0 gpITMB"
    >
      tools
    </dd>
  </dl>
  <dl
    class="sc-d8bb1df0-0 aiuZt"
  >
    <dt
      class="sc-d8bb1df0-1 gYOona"
    >
      Estilização: 
    </dt>
    <dd
      class="sc-6c8a52e-0 gpITMB"
    >
      styles
    </dd>
  </dl>
  <dl
    class="sc-d8bb1df0-0 aiuZt"
  >
    <dt
      class="sc-d8bb1df0-1 gYOona"
    >
      API: 
    </dt>
    <dd
      class="sc-6c8a52e-0 gpITMB"
    >
      mock
    </dd>
  </dl>
  <dd
    class="sc-d8bb1df0-0 aiuZt"
  >
    <dt
      class="sc-d8bb1df0-1 gYOona"
    >
      Disponível em: 
    </dt>
    <a
      class="sc-d8bb1df0-2 dUbnRL"
      href="http://www.somerepo.com"
      rel="noopener noreferrer"
      target="_blank"
      title="repositorio no github"
    >
      <iconify-icon
        icon="iconoir:github-outline"
        style="font-size: 1.8rem;"
      />
    </a>
    <a
      class="sc-d8bb1df0-2 dUbnRL"
      href="http://www.somesit.com"
      rel="noopener noreferrer"
      target="_blank"
      title="acessar o project"
    >
      <iconify-icon
        icon="codicon:link-external"
      />
    </a>
    <a
      class="sc-d8bb1df0-2 dUbnRL"
      href="http://www.storybook.com"
      rel="noopener noreferrer"
      target="_blank"
      title="documentation for project"
    >
      <iconify-icon
        icon="tabler:brand-storybook"
      />
    </a>
  </dd>
</div>
`;
