// Jest Snapshot v1, https://goo.gl/fbAQLP

exports[`<Layout /> should render the Layout component correctly and match to snapshot 1`] = `
<div>
  <main
    class="sc-dde9e527-0 qAIZd"
  >
    <header
      class="sc-93b809d4-0 fKRbdb"
    >
      <nav
        aria-label="Menu"
        class="sc-65ec4590-0 MXEJp"
        role="navigation"
      >
        <h1
          class="sc-65ec4590-1 jsQlmt"
        >
          <p
            aria-label="logo Manu Coutinho"
          >
            Manu
            <span>
              Coutinho_
            </span>
          </p>
        </h1>
        <button
          aria-controls="menu"
          aria-expanded="false"
          aria-haspopup="true"
          aria-hidden="true"
          aria-label="Abrir Menu"
          class="sc-ca7d1126-0 EUvkZ"
          role="button"
        >
          <iconify-icon
            icon="ph:list-bold"
          />
        </button>
        <ul
          aria-label="options"
          class="sc-a165f114-0 hYElmR"
          data-state="close"
          id="menu"
          role="menu"
        >
          <li
            aria-owns="menu"
            class="sc-a165f114-1 boMDbO"
            data-state="off"
            role="menuitem"
          >
            <a
              class="sc-a165f114-2 knHxGt"
              href="/home#home"
            >
              Home
            </a>
          </li>
          <li
            aria-owns="menu"
            class="sc-a165f114-1 boMDbO"
            data-state="off"
            role="menuitem"
          >
            <a
              class="sc-a165f114-2 knHxGt"
              href="/home#about"
            >
              Sobre
            </a>
          </li>
          <li
            aria-owns="menu"
            class="sc-a165f114-1 boMDbO"
            data-state="off"
            role="menuitem"
          >
            <a
              class="sc-a165f114-2 knHxGt"
              href="/home#portfolio"
            >
              Portfólio
            </a>
          </li>
          <li
            aria-owns="menu"
            class="sc-a165f114-1 boMDbO"
            data-state="off"
            role="menuitem"
          >
            <a
              class="sc-a165f114-2 knHxGt"
              href="/home#contact"
            >
              Contato
            </a>
          </li>
        </ul>
      </nav>
    </header>
    <p>
      children
    </p>
    <footer
      class="sc-96ea4fb1-0 eRTjlb"
      data-testid="footer"
    >
      <p>
        Copyright © 2023 Todos os direitos reservados. 
      </p>
      <p>
        Designed by 
        <span>
          Manu Coutinho.
        </span>
      </p>
    </footer>
  </main>
</div>
`;
