// Jest Snapshot v1, https://goo.gl/fbAQLP

exports[`<SocialLinks/> should match to snapshot 1`] = `
<div>
  <nav
    aria-label="social links"
    class="sc-3638c0c7-0 zEqDV"
    data-state="secondary"
    direction="row"
    role="navigation"
  >
    <a
      aria-label="Acessar linkedin"
      class="sc-3638c0c7-1 fteKrd"
      href="https://linkedin.com/in/emanuela-coutinho"
      rel="noopener noreferrer"
      target="_blank"
      title="linkedin"
    >
      <iconify-icon
        icon="ph:linkedin-logo"
      />
    </a>
    <a
      aria-label="Acessar github"
      class="sc-3638c0c7-1 fteKrd"
      href="https://github.com/manucoutinho"
      rel="noopener noreferrer"
      target="_blank"
      title="github"
    >
      <iconify-icon
        icon="iconoir:github-outline"
      />
    </a>
    <a
      aria-label="Acessar twitter"
      class="sc-3638c0c7-1 fteKrd"
      href="https://twitter.com/manucout"
      rel="noopener noreferrer"
      target="_blank"
      title="twitter"
    >
      <iconify-icon
        icon="radix-icons:twitter-logo"
      />
    </a>
    <a
      aria-label="Acessar email"
      class="sc-3638c0c7-1 fteKrd"
      href="mailto:devmanucoutinho@gmail.com"
      rel="noopener noreferrer"
      target="_blank"
      title="email"
    >
      <iconify-icon
        icon="ep:message"
      />
    </a>
    <a
      aria-label="Acessar dev.to"
      class="sc-3638c0c7-1 fteKrd"
      href="https://dev.to/manucoutinho"
      rel="noopener noreferrer"
      target="_blank"
      title="dev.to"
    >
      <iconify-icon
        icon="ph:dev-to-logo"
      />
    </a>
  </nav>
</div>
`;
